// Jest Snapshot v1, https://goo.gl/fbAQLP

exports[`<Button /> renders without crashing 1`] = `
<button
  className="button"
  onClick={[MockFunction]}
  type="button"
>
  Button
</button>
`;
